
========================================================================
FACEBOOK_A  | periods=86 mean_N=13454 entities=14,000 top_k=35 universe=top-3500 (buffer B=14000) temper pool>=8 md6 t-tails vr-mom-long stat-factor two-scale mix-b NNLS
========================================================================
  mix heterogeneity: b = 1.02 (s(h*)/s(1) horizon moment); permanent spread = b*s = 0.91
  two-scale: phi2 = 0.90..0.75  sigma_trans2 = 0.109..0.192 (top..tail; medium timescale, D(h)-identified)
  stationary common factor: rho_L = 0.48 (measured from the detrended cumulative-F path; legacy = integrated)
  temperament: s = 0.890 (sigma_i spread p90/p10 = 3.13x)
  MD partition: kappa(z) = 0.070..0.040 (top..tail, estimated -- hand-set kappa retired)
  transitory tails: t_df = 4.3

  RANK DYNAMICS (goal 1)
    metric          emp      sim     diff
    VR2           0.638    0.632   -0.007
    VR4           0.367    0.372   +0.005
    VR8           0.217    0.217   +0.001
    VR13          0.145    0.147   +0.002
    ACF1         -0.359   -0.369   -0.010
    ACF2         -0.074   -0.060   +0.014
    RACF1         0.547    0.549   +0.002
    RACF4         0.305    0.324   +0.018
    RACF13        0.092    0.079   -0.013
    R2_1          0.791    0.810   +0.019
    R2_4          0.689    0.729   +0.040
    R2_13         0.584    0.622   +0.038

  CHURN @ rank (goal 2)
    metric          emp      sim     diff
    coll1         0.518    0.555   +0.038
    coll2         0.765    0.713   -0.052
    coll5         0.906    0.868   -0.038
    coll10        0.941    0.918   -0.024
    coll20        0.953    0.969   +0.016
    coll50        0.988    0.962   -0.026
    coll100       1.000    0.988   -0.012

  rank displacement
    metric          emp      sim     diff
    dRank1       27.000   24.600   -2.400
    dRank4       38.000   33.600   -4.400
    dRank13      53.000   43.000  -10.000

  top-k persistence
    metric          emp      sim     diff
    Pers1        24.000   27.600   +3.600
    Pers4        19.000   24.200   +5.200
    Pers13       23.000   21.400   -1.600

  boundary flux @ top-3500 (out-rate / 4wk return)
    metric          emp      sim     diff
    outfluxK      0.173    0.132   -0.040
    return4K      0.354    0.400   +0.047

  >>> v4.3-style score: 14/15   |   mean churn error: 0.029
  factor sigma_F=0.146  N=13454   (top..tail by permanent rank)
    phi        =0.200..0.350
    sigma_trans=0.163..0.366
    sigma_perm =0.114..0.152
    sigma_obs  =0.000..0.617
    lambda     =1.00..1.06
