
========================================================================
REDDIT  | periods=30 mean_N=19994 entities=20,000 top_k=50 universe=top-5000 (buffer B=20000) temper pool>=8 md6 t-tails
========================================================================
  temperament: s = 0.941 (sigma_i spread p90/p10 = 3.34x)
  MD partition: kappa(z) = 0.005..0.040 (top..tail, estimated -- hand-set kappa retired)
  transitory tails: t_df = 6.7

  RANK DYNAMICS (goal 1)
    metric          emp      sim     diff
    VR2           0.686    0.713   +0.027
    VR4           0.464    0.506   +0.041
    VR8           0.287    0.312   +0.025
    VR13          0.172    0.181   +0.009
    ACF1         -0.313   -0.287   +0.026
    ACF2         -0.041   -0.031   +0.010
    RACF1         0.586    0.643   +0.057
    RACF4         0.220    0.255   +0.034
    RACF13       -0.020   -0.084   -0.064
    R2_1          0.886    0.911   +0.025
    R2_4          0.823    0.827   +0.004
    R2_13         0.550    0.667   +0.117

  CHURN @ rank (goal 2)
    metric          emp      sim     diff
    coll1         0.414    0.338   -0.076
    coll2         0.655    0.586   -0.069
    coll5         0.759    0.690   -0.069
    coll10        0.759    0.903   +0.145
    coll20        1.000    0.876   -0.124
    coll50        1.000    0.979   -0.021
    coll100       1.000    0.986   -0.014

  rank displacement
    metric          emp      sim     diff
    dRank1       13.000   13.200   +0.200
    dRank4       21.000   21.600   +0.600
    dRank13      34.000   31.000   -3.000

  top-k persistence
    metric          emp      sim     diff
    Pers1        43.000   44.400   +1.400
    Pers4        37.000   40.600   +3.600
    Pers13       35.000   39.000   +4.000

  boundary flux @ top-5000 (out-rate / 4wk return)
    metric          emp      sim     diff
    outfluxK      0.095    0.110   +0.015
    return4K      0.369    0.373   +0.005

  >>> v4.3-style score: 14/15   |   mean churn error: 0.074
  factor sigma_F=0.038  N=19994   (top..tail by permanent rank)
    phi        =0.600..0.250
    sigma_trans=0.151..0.134
    sigma_perm =0.028..0.098
    sigma_obs  =0.030..0.197
    lambda     =1.08..0.38
