
========================================================================
REDDIT_COMMENTS  | periods=136 mean_N=42462 entities=50,000 top_k=125 universe=top-12500 (buffer B=50000) temper pool>=8 md6 t-tails vr-mom-long stat-factor two-scale mix-b NNLS
========================================================================
  mix heterogeneity: b = 1.08 (s(h*)/s(1) horizon moment); permanent spread = b*s = 0.75
  two-scale: phi2 = 0.85..0.70  sigma_trans2 = 0.143..0.215 (top..tail; medium timescale, D(h)-identified)
  stationary common factor: rho_L = 0.82 (measured from the detrended cumulative-F path; legacy = integrated)
  temperament: s = 0.692 (sigma_i spread p90/p10 = 2.43x)
  MD partition: kappa(z) = 0.005..0.005 (top..tail, estimated -- hand-set kappa retired)
  transitory tails: t_df = 5.2

  RANK DYNAMICS (goal 1)
    metric          emp      sim     diff
    VR2           0.583    0.669   +0.086
    VR4           0.327    0.443   +0.116
    VR8           0.198    0.298   +0.101
    VR13          0.136    0.217   +0.080
    ACF1         -0.362   -0.330   +0.032
    ACF2         -0.031   -0.050   -0.019
    RACF1         0.669    0.715   +0.046
    RACF4         0.545    0.548   +0.002
    RACF13        0.329    0.273   -0.056
    R2_1          0.879    0.945   +0.066
    R2_4          0.841    0.917   +0.076
    R2_13         0.813    0.865   +0.052

  CHURN @ rank (goal 2)
    metric          emp      sim     diff
    coll1         0.044    0.036   -0.009
    coll2         0.296    0.359   +0.062
    coll5         0.681    0.683   +0.001
    coll10        0.896    0.716   -0.181
    coll20        0.956    0.929   -0.027
    coll50        0.993    0.970   -0.022
    coll100       0.978    0.981   +0.003

  rank displacement
    metric          emp      sim     diff
    dRank1       12.000   13.400   +1.400
    dRank4       16.000   18.200   +2.200
    dRank13      20.000   23.800   +3.800

  top-k persistence
    metric          emp      sim     diff
    Pers1       108.000  108.800   +0.800
    Pers4       105.000  107.800   +2.800
    Pers13      101.000  102.800   +1.800

  boundary flux @ top-12500 (out-rate / 4wk return)
    metric          emp      sim     diff
    outfluxK      0.090    0.129   +0.039
    return4K      0.394    0.297   -0.096

  >>> v4.3-style score: 12/15   |   mean churn error: 0.044
  factor sigma_F=0.137  N=42462   (top..tail by permanent rank)
    phi        =0.000..0.200
    sigma_trans=0.077..0.370
    sigma_perm =0.061..0.074
    sigma_obs  =0.000..0.500
    lambda     =0.93..0.73
