
========================================================================
INSTAGRAM_HM_TS — OOS movement gate (rolling-origin, distributional)
========================================================================
  T=52  test_len=13  train-end origins=[13, 20, 26, 32, 39]  universe=top-10000 (B=4x, train-only membership) temper pool>=8 md6 t-tails COND:state
  FIXED membership from llm_fitting/ig_trainsafe_members.parquet ({13: 40000, 20: 40000, 26: 40000, 32: 40000, 39: 40000})

  per split:  scale | model relErr | persist relErr | wass(dR1) | dR1 model-in-CI?
    T0= 13  1.00  |  0.272      |  0.138        |   66.2   | True  s=0.81
    T0= 20  1.00  |  0.354      |  0.407        |   61.5   | False  s=0.77
    T0= 26  1.00  |  0.282      |  0.598        |   49.0   | False  s=0.76
    T0= 32  1.00  |  0.152      |  0.785        |   29.7   | True  s=0.76
    T0= 39  1.00  |  0.525      |  1.038        |   27.2   | False  s=0.76

  sigma_obs_scale stability: [1.0, 1.0, 1.0, 1.0, 1.0]  median=1.00 range=1.00-1.00
  MODEL rel err = 0.317 ± 0.123   |   persistence = 0.593 ± 0.309
  bootstrap-CI coverage (model dR1 median inside held-out 95% CI): 40% of splits

  held-out displacement DISTRIBUTION (last split T0=39): emp median/p90 vs model median/p90
    dRank1: emp   16/  76   model   14/  87
    dRank4: emp   17/  96   model   17/  99

  distributional scores (--dist-scores; pooled predictive, declared):
    per split @ dRank1:  CRPSmod | CRPSpers | skill | W1(model) W1(pers) | pred cov@10/50/90 (nominal .10/.50/.90)
    T0= 13   116.61 |  116.39  | -0.00 |    66.2     50.1  | 0.16/0.53/0.85
    T0= 20   115.50 |  115.48  | -0.00 |    61.5     53.8  | 0.14/0.46/0.88
    T0= 26    93.24 |   93.06  | -0.00 |    49.0     29.3  | 0.14/0.46/0.87
    T0= 32    43.11 |   42.97  | -0.00 |    29.7     26.4  | 0.13/0.49/0.87
    T0= 39    36.73 |   36.68  | -0.00 |    27.2     16.3  | 0.14/0.47/0.91
    CRPS skill vs persistence @ dRank1: -0.002 ± 0.001  (>0 = model beats persistence; n=5 splits)
    CRPS skill vs persistence @ dRank4: -0.007 ± 0.005  (>0 = model beats persistence; n=5 splits)
