
========================================================================
REDDIT — OOS movement gate (rolling-origin, distributional)
========================================================================
  T=30  test_len=13  train-end origins=[12, 13, 14, 16, 17]  universe=top-5000 (B=4x, train-only membership) temper pool>=8 md6 t-tails COND:state

  per split:  scale | model relErr | persist relErr | wass(dR1) | dR1 model-in-CI?
    T0= 12  1.00  |  0.221      |  0.172        |    2.9   | True
    T0= 13  0.25  |  0.071      |  0.171        |    1.7   | True  s=0.95
    T0= 14  0.35  |  0.128      |  0.162        |    2.4   | True  s=0.95
    T0= 16  0.50  |  0.041      |  0.167        |    1.3   | True  s=0.96
    T0= 17  0.70  |  0.131      |  0.168        |    1.8   | True  s=0.96

  sigma_obs_scale stability: [1.0, 0.25, 0.35, 0.5, 0.7]  median=0.50 range=0.25-1.00
  MODEL rel err = 0.118 ± 0.061   |   persistence = 0.168 ± 0.004
  bootstrap-CI coverage (model dR1 median inside held-out 95% CI): 100% of splits

  held-out displacement DISTRIBUTION (last split T0=17): emp median/p90 vs model median/p90
    dRank1: emp    6/  27   model    7/  23
    dRank4: emp    9/  40   model   11/  42

  distributional scores (--dist-scores; pooled predictive, declared):
    per split @ dRank1:  CRPSmod | CRPSpers | skill | W1(model) W1(pers) | pred cov@10/50/90 (nominal .10/.50/.90)
    T0= 12     6.64 |    6.53  | -0.02 |     2.9      1.2  | 0.20/0.58/0.93
    T0= 13     6.70 |    6.68  | -0.00 |     1.7      1.1  | 0.20/0.52/0.91
    T0= 14     7.42 |    7.40  | -0.00 |     2.4      1.9  | 0.20/0.59/0.90
    T0= 16     6.69 |    6.68  | -0.00 |     1.3      1.1  | 0.21/0.53/0.88
    T0= 17     6.74 |    6.72  | -0.00 |     1.8      1.2  | 0.20/0.56/0.88
    CRPS skill vs persistence @ dRank1: -0.005 ± 0.006  (>0 = model beats persistence; n=5 splits)
    CRPS skill vs persistence @ dRank4: -0.007 ± 0.003  (>0 = model beats persistence; n=5 splits)
