
========================================================================
INSTAGRAM_HM_TS — OOS movement gate (rolling-origin, distributional)
========================================================================
  T=52  test_len=13  train-end origins=[13, 20, 26, 32, 39]  universe=top-10000 (B=4x, train-only membership) temper pool>=8 md6 t-tails COND:state

  per split:  scale | model relErr | persist relErr | wass(dR1) | dR1 model-in-CI?
    T0= 13  1.00  |  0.303      |  0.133        |   32.3   | False  s=0.87
    T0= 20  1.00  |  0.235      |  0.194        |   39.6   | True  s=0.82
    T0= 26  1.00  |  0.520      |  0.665        |   82.7   | True  s=0.80
    T0= 32  1.00  |  1.332      |  1.068        |   70.5   | True  s=0.80
    T0= 39  1.00  |  0.965      |  1.200        |   28.8   | False  s=0.80

  sigma_obs_scale stability: [1.0, 1.0, 1.0, 1.0, 1.0]  median=1.00 range=1.00-1.00
  MODEL rel err = 0.671 ± 0.417   |   persistence = 0.652 ± 0.436
  bootstrap-CI coverage (model dR1 median inside held-out 95% CI): 60% of splits

  held-out displacement DISTRIBUTION (last split T0=39): emp median/p90 vs model median/p90
    dRank1: emp   16/  81   model   13/  86
    dRank4: emp   18/ 107   model   16/ 105

  distributional scores (--dist-scores; pooled predictive, declared):
    per split @ dRank1:  CRPSmod | CRPSpers | skill | W1(model) W1(pers) | pred cov@10/50/90 (nominal .10/.50/.90)
    T0= 13    66.90 |   66.87  | -0.00 |    32.3     31.7  | 0.16/0.55/0.88
    T0= 20    42.20 |   42.10  | -0.00 |    39.6     41.0  | 0.12/0.49/0.86
    T0= 26    47.05 |   46.31  | -0.02 |    82.7     29.7  | 0.10/0.48/0.82
    T0= 32    40.76 |   40.20  | -0.01 |    70.5     16.0  | 0.10/0.48/0.84
    T0= 39    45.73 |   45.57  | -0.00 |    28.8      6.3  | 0.09/0.45/0.91
    CRPS skill vs persistence @ dRank1: -0.007 ± 0.006  (>0 = model beats persistence; n=5 splits)
    CRPS skill vs persistence @ dRank4: -0.009 ± 0.006  (>0 = model beats persistence; n=5 splits)
