
========================================================================
FACEBOOK_A — OOS movement gate (rolling-origin, distributional)
========================================================================
  T=86  test_len=21  train-end origins=[21, 32, 43, 54, 65]  universe=top-3500 (B=4x, train-only membership) temper pool>=8 md6 t-tails spec-B NNLS COND:state
  day guard: 59 flagged days -> dropped 33 of 176 member-weeks from daily estimation

  per split:  scale | model relErr | persist relErr | wass(dR1) | dR1 model-in-CI?
    T0= 21  1.00  |  0.078      |  0.136        |   23.5   | False  s=0.98
    T0= 32  1.00  |  0.137      |  0.183        |   38.6   | True  s=0.97
    T0= 43  1.00  |  0.174      |  0.093        |   15.8   | True  s=0.95
    T0= 54  1.00  |  0.128      |  0.145        |    5.9   | True  s=0.94
    T0= 65  0.50  |  0.098      |  0.169        |   18.4   | False  s=0.92

  sigma_obs_scale stability: [1.0, 1.0, 1.0, 1.0, 0.5]  median=1.00 range=0.50-1.00
  MODEL rel err = 0.123 ± 0.033   |   persistence = 0.145 ± 0.031
  bootstrap-CI coverage (model dR1 median inside held-out 95% CI): 60% of splits

  held-out displacement DISTRIBUTION (last split T0=65): emp median/p90 vs model median/p90
    dRank1: emp   14/  68   model   12/  53
    dRank4: emp   20/ 122   model   19/  93
    dRank13: emp   26/ 203   model   27/ 157

  distributional scores (--dist-scores; pooled predictive, declared):
    per split @ dRank1:  CRPSmod | CRPSpers | skill | W1(model) W1(pers) | pred cov@10/50/90 (nominal .10/.50/.90)
    T0= 21    47.15 |   47.26  | +0.00 |    23.5     30.5  | 0.09/0.47/0.88
    T0= 32    60.82 |   60.84  | +0.00 |    38.6     39.4  | 0.15/0.49/0.87
    T0= 43    40.67 |   40.73  | +0.00 |    15.8     20.4  | 0.17/0.53/0.89
    T0= 54    25.65 |   25.64  | -0.00 |     5.9      6.8  | 0.11/0.55/0.91
    T0= 65    34.27 |   34.20  | -0.00 |    18.4     13.3  | 0.10/0.47/0.86
    CRPS skill vs persistence @ dRank1: +0.000 ± 0.002  (>0 = model beats persistence; n=5 splits)
    CRPS skill vs persistence @ dRank4: -0.003 ± 0.002  (>0 = model beats persistence; n=5 splits)
    CRPS skill vs persistence @ dRank13: -0.008 ± 0.006  (>0 = model beats persistence; n=5 splits)
