
========================================================================
REDDIT_COMMENTS — OOS movement gate (rolling-origin, distributional)
========================================================================
  T=136  test_len=34  train-end origins=[34, 51, 68, 85, 102]  universe=top-12500 (B=4x, train-only membership) temper pool>=8 md6 t-tails mix-b COND:state

  per split:  scale | model relErr | persist relErr | wass(dR1) | dR1 model-in-CI?
    T0= 34  0.50  |  0.181      |  0.100        |    0.9   | True  s=0.64
    T0= 51  1.00  |  0.105      |  0.083        |    0.9   | True  s=0.65
    T0= 68  0.70  |  0.223      |  0.185        |    1.7   | True  s=0.65
    T0= 85  0.70  |  0.253      |  0.218        |    0.5   | True  s=0.65
    T0=102  0.05  |  0.074      |  0.237        |    1.0   | True  s=0.67

  sigma_obs_scale stability: [0.5, 1.0, 0.7, 0.7, 0.05]  median=0.70 range=0.05-1.00
  MODEL rel err = 0.167 ± 0.068   |   persistence = 0.165 ± 0.062
  bootstrap-CI coverage (model dR1 median inside held-out 95% CI): 100% of splits

  held-out displacement DISTRIBUTION (last split T0=102): emp median/p90 vs model median/p90
    dRank1: emp    6/  26   model    6/  23
    dRank4: emp    8/  34   model    8/  33
    dRank13: emp   11/  50   model   11/  50

  distributional scores (--dist-scores; pooled predictive, declared):
    per split @ dRank1:  CRPSmod | CRPSpers | skill | W1(model) W1(pers) | pred cov@10/50/90 (nominal .10/.50/.90)
    T0= 34     6.86 |    6.86  | -0.00 |     0.9      0.9  | 0.18/0.50/0.89
    T0= 51     6.74 |    6.74  | -0.00 |     0.9      0.7  | 0.19/0.50/0.91
    T0= 68     6.77 |    6.76  | -0.00 |     1.7      0.9  | 0.21/0.53/0.92
    T0= 85     6.15 |    6.15  | +0.00 |     0.5      0.7  | 0.20/0.53/0.90
    T0=102     6.10 |    6.09  | -0.00 |     1.0      0.6  | 0.19/0.52/0.88
    CRPS skill vs persistence @ dRank1: -0.001 ± 0.001  (>0 = model beats persistence; n=5 splits)
    CRPS skill vs persistence @ dRank4: -0.001 ± 0.002  (>0 = model beats persistence; n=5 splits)
    CRPS skill vs persistence @ dRank13: -0.002 ± 0.003  (>0 = model beats persistence; n=5 splits)
