
========================================================================
FACEBOOK  | periods=88 mean_N=14363 entities=15,484 top_k=144
========================================================================

  RANK DYNAMICS (goal 1)
    metric          emp      sim     diff
    VR2           0.602    0.604   +0.002
    VR4           0.334    0.364   +0.030
    VR8           0.189    0.221   +0.033
    VR13          0.123    0.148   +0.025
    ACF1         -0.397   -0.396   +0.001
    ACF2         -0.054   -0.030   +0.024
    RACF1         0.465    0.464   -0.001
    RACF4         0.271    0.258   -0.013
    RACF13        0.083    0.030   -0.053
    R2_1          0.786    0.816   +0.031
    R2_4          0.728    0.736   +0.008
    R2_13         0.664    0.617   -0.048

  CHURN @ rank (goal 2)
    metric          emp      sim     diff
    coll1         0.517    0.485   -0.032
    coll2         0.759    0.761   +0.002
    coll5         0.908    0.920   +0.011
    coll10        0.943    0.952   +0.009
    coll20        0.954    0.979   +0.025
    coll50        0.989    0.986   -0.002
    coll100       1.000    0.989   -0.011

  rank displacement
    metric          emp      sim     diff
    dRank1       30.000   32.800   +2.800
    dRank4       42.000   42.100   +0.100
    dRank13      64.000   50.200  -13.800

  top-k persistence
    metric          emp      sim     diff
    Pers1        76.000   78.400   +2.400
    Pers4        64.000   71.400   +7.400
    Pers13       64.000   68.600   +4.600

  >>> v4.3-style score: 14/15   |   mean churn error: 0.013
  factor sigma_F=0.147  N=14363   (top..tail by permanent rank)
    phi        =0.391..0.025
    sigma_trans=0.192..0.741
    sigma_perm =0.078..0.514
    sigma_obs  =0.170..0.605
    lambda     =1.10..1.04
