FULL panel: 24,540,727 rows, T=53 weeks [2022-12-26 .. 2023-12-25]

Instrument-health series (weekly):
    n_accounts  sum_posts    sum_metric  min_metric  med_metric  new_ids
t                                                                       
0       104192     120026   189,812,451           0          75   104192
1       396319     837680 1,236,362,477           0         118   336747
2       417832     909931 1,356,149,635           0         117   179335
3       428499     930962 1,276,085,910           0         115   124859
4       397834     825805 1,098,860,297           0         112    83498
5       413026     858236 1,126,452,897           0         112    75385
6       422281     903345 1,322,694,720           0         112    68225
7       384008     737665 1,039,473,914           0         102    52444
8       444033     978967 1,279,869,773           0         117    58320
9       424553     896727 1,154,574,015           0         115    46778
10      469870    1041083 1,364,835,996           0         120    53055
11      467862    1053674 1,489,293,852           0         122    47030
12      472824    1057965 1,495,033,314           0         124    44398
13      435570     909169 1,282,497,414           0         115    36284
14      503307    1104072 1,713,802,794           0         117    71696
15      501877    1108637 1,751,903,107           0         120    60590
16      515640    1270405 2,084,664,069           0         130    52860
17      510953    1134564 1,819,402,114           0         120    46902
18      483109    1027962 1,631,130,159           0         110    37657
19      537589    1191288 1,891,538,678           0         117    44216
20      508112    1122807 1,905,405,968           0         118    36717
21      462168     949402 1,633,001,850           0         105    30469
22      511048    1110062 1,818,368,964           0         111    34044
23      464405     953917 1,580,998,835           0         105    27469
24      423211     803315 1,303,094,810           0          94    23382
25      453212     922001 1,449,190,642           0         101    25482
26      466893     963367 1,538,675,667           0         103    24696
27      495631    1063267 1,827,703,601           0         103    28124
28      496495    1079228 1,747,643,087           0         108    26618
29      495663    1079820 1,871,970,221           0         109    25795
30      488496    1063873 1,748,518,752           0         105    24299
31      458436     946779 1,542,140,453           0         102    21235
32      440854     895442 1,510,138,586           0         102    19396
33      491263    1071829 1,753,265,464           0         107    22715
34      452831     951040 1,480,257,596           0         100    18048
35      492115    1068413 1,832,660,145           0         104    21276
36      488585    1231047 2,030,186,519           0         118    19726
37      447239     914496 1,635,983,716           0         100    16807
38      492458    1084905 1,904,927,183           0         107    18774
39      497764    1094400 1,809,060,698           0         104    18517
40      494767    1091027 1,864,540,028           0         108    17908
41      491599    1089268 1,862,860,600           0         106    17866
42      488516    1087302 1,990,468,025           0         108    17041
43      493248    1258973 2,237,315,227           0         116    16983
44      506473    1106347 2,147,896,039           0         104    17598
45      485349    1062525 2,014,849,128           0         105    15620
46      478736    1165915 2,349,445,096           0         112    14684
47      474451    1195912 2,255,846,984           0         108    14187
48      461729     972558 1,795,182,755           0          95    14134
49      479350    1079484 2,073,942,752           0         104    14323
50      476468    1070520 2,132,284,388           0         104    13845
51      481822    1067782 2,149,814,496           0          99    14469
52      470162     958502 2,182,133,402           0          98    16157

P2 re-test (FULL panel) — absence hazard by mean n_posts:
                         n  mean_mposts  hazard   pres  poisson_pred
mb                                                                  
[1, 2)             2021137       1.1636  0.8113 0.1569        0.3124
[2, 3)              174052       2.2903  0.4227 0.4691        0.1012
[3, 5)               67837       3.6530  0.2652 0.6091        0.0259
[5, 10)              24982       6.5909  0.2025 0.6633        0.0014
[10, 20)              6392      13.3372  0.1728 0.6893        0.0000
[20, 50)              1949      28.7824  0.1679 0.6923        0.0000
[50, 100)              292      67.4533  0.1334 0.7078        0.0000
[100, 1000000000)       77     140.5638  0.1010 0.6525        0.0000
m̄>=20: n=2,318, mean hazard=0.1613, mean presence=0.693

top-5k-by-level presence fraction quantiles: [0.019 0.019 0.075 0.264 0.981]
head accounts present per week (first 10 / last 10):
  [372, 790, 856, 886, 828, 840, 927, 841, 895, 899] ... [1262, 1350, 1340, 1294, 1268, 1222, 1323, 1332, 1285, 1323]
