
========================================================================
INSTAGRAM_HM — OOS movement gate (rolling-origin, distributional)
========================================================================
  T=52  test_len=13  train-end origins=[13, 20, 26, 32, 39]  universe=top-10000 (B=4x, train-only membership) temper pool>=8 md6 t-tails COND:state

  per split:  scale | model relErr | persist relErr | wass(dR1) | dR1 model-in-CI?
    T0= 13  1.00  |  0.283      |  0.135        |   46.5   | True  s=0.85
    T0= 20  1.00  |  0.246      |  0.205        |   65.5   | True  s=0.81
    T0= 26  1.00  |  0.841      |  1.732        |   24.8   | True  s=0.80
    T0= 32  1.00  |  1.648      |  1.074        |   25.3   | True  s=0.80
    T0= 39  1.00  |  1.185      |  1.392        |   73.6   | False  s=0.80

  sigma_obs_scale stability: [1.0, 1.0, 1.0, 1.0, 1.0]  median=1.00 range=1.00-1.00
  MODEL rel err = 0.841 ± 0.536   |   persistence = 0.908 ± 0.637
  bootstrap-CI coverage (model dR1 median inside held-out 95% CI): 80% of splits

  held-out displacement DISTRIBUTION (last split T0=39): emp median/p90 vs model median/p90
    dRank1: emp   16/  82   model   13/  88
    dRank4: emp   18/ 106   model   16/ 112

  distributional scores (--dist-scores; pooled predictive, declared):
    per split @ dRank1:  CRPSmod | CRPSpers | skill | W1(model) W1(pers) | pred cov@10/50/90 (nominal .10/.50/.90)
    T0= 13   105.60 |  105.54  | -0.00 |    46.5     55.8  | 0.16/0.52/0.89
    T0= 20    42.54 |   42.29  | -0.01 |    65.5     17.0  | 0.11/0.48/0.86
    T0= 26    45.99 |   45.87  | -0.00 |    24.8     15.2  | 0.09/0.50/0.87
    T0= 32    40.30 |   40.12  | -0.00 |    25.3     15.4  | 0.13/0.49/0.86
    T0= 39    45.57 |   45.31  | -0.01 |    73.6      6.0  | 0.09/0.45/0.91
    CRPS skill vs persistence @ dRank1: -0.004 ± 0.002  (>0 = model beats persistence; n=5 splits)
    CRPS skill vs persistence @ dRank4: -0.008 ± 0.005  (>0 = model beats persistence; n=5 splits)
