
========================================================================
REDDIT_SUBMISSIONS_LONG — OOS movement gate (rolling-origin, distributional)
========================================================================
  T=212  test_len=53  train-end origins=[53, 80, 106, 132, 159]  universe=top-5000 (B=4x, train-only membership) temper pool>=8 md6 t-tails NNLS COND:state

  per split:  scale | model relErr | persist relErr | wass(dR1) | dR1 model-in-CI?
    T0= 53  0.00  |  0.213      |  0.131        |    4.2   | True  s=1.11
    T0= 80  0.05  |  0.148      |  0.180        |    4.6   | True  s=1.11
    T0=106  0.10  |  0.121      |  0.086        |    0.4   | True  s=1.11
    T0=132  0.50  |  0.190      |  0.200        |    0.5   | False  s=1.12
    T0=159  0.10  |  0.297      |  0.216        |    4.0   | True  s=1.12

  sigma_obs_scale stability: [0.0, 0.05, 0.1, 0.5, 0.1]  median=0.10 range=0.00-0.50
  MODEL rel err = 0.194 ± 0.061   |   persistence = 0.163 ± 0.048
  bootstrap-CI coverage (model dR1 median inside held-out 95% CI): 80% of splits

  held-out displacement DISTRIBUTION (last split T0=159): emp median/p90 vs model median/p90
    dRank1: emp    4/  16   model    4/  16
    dRank4: emp    5/  21   model    6/  25
    dRank13: emp    8/  29   model   10/  39

  distributional scores (--dist-scores; pooled predictive, declared):
    per split @ dRank1:  CRPSmod | CRPSpers | skill | W1(model) W1(pers) | pred cov@10/50/90 (nominal .10/.50/.90)
    T0= 53     7.76 |    7.76  | +0.00 |     4.2      1.1  | 0.13/0.58/0.91
    T0= 80     7.77 |    7.77  | +0.00 |     4.6      1.7  | 0.13/0.52/0.88
    T0=106     4.03 |    4.03  | +0.00 |     0.4      4.9  | 0.12/0.50/0.92
    T0=132     3.94 |    3.94  | -0.00 |     0.5      4.1  | 0.11/0.48/0.91
    T0=159     7.89 |    7.89  | +0.00 |     4.0      1.4  | 0.10/0.55/0.91
    CRPS skill vs persistence @ dRank1: +0.000 ± 0.000  (>0 = model beats persistence; n=5 splits)
    CRPS skill vs persistence @ dRank4: -0.002 ± 0.003  (>0 = model beats persistence; n=5 splits)
    CRPS skill vs persistence @ dRank13: -0.006 ± 0.010  (>0 = model beats persistence; n=5 splits)
    per-horizon model-median-in-CI (descriptive; registered criterion = h=1 only):
      T0= 53  h=1:in  h=4:OUT  h=13:OUT  week-block CI(h=1) [3.0, 4.0] in
      T0= 80  h=1:in  h=4:OUT  h=13:OUT  week-block CI(h=1) [3.0, 3.0] in
      T0=106  h=1:in  h=4:in  h=13:in  week-block CI(h=1) [3.0, 4.0] in
      T0=132  h=1:OUT  h=4:in  h=13:in  week-block CI(h=1) [4.0, 4.0] OUT
      T0=159  h=1:in  h=4:in  h=13:OUT  week-block CI(h=1) [4.0, 4.0] in

P6 VERDICT: model 0.194 vs base 0.163 + 0.05, coverage 0.80 -> PASS
