== RESTART STEP 0 PRECONDITIONS (under A1-A10) — 2026-07-12T16:44:20Z ==
pwd: /Users/hindman/Documents/github/rank-diffusion
HEAD: b66b623f100791c325a6b7490ff54333fdf9e895
interpreter: /Library/Frameworks/Python.framework/Versions/3.11/bin/python3 / Python 3.11.6
-- pytest tests/ -q (expect 119 = registered 110 + 9 A10 adversarial, committed pre-restart) --
...............................................                          [100%]
119 passed in 8.27s
-- package suite --
8 passed in 43.51s
-- mounts --
/Volumes/My Passport for Mac
data/ssd/derived
-- platform entry --
127:    "reddit_comments_ext": dict(
128-        path="data/ssd/derived/reddit_comments_2018-12_2022-12_weekly_REGISTERED.parquet",
129-        id_col="endpoint_id", ts_col="date", metric_col="metric_value",
130-        max_rank=None,
131-        daily_path="data/ssd/derived/reddit_comments_2018-12_2022-12_daily.parquet",
132-        day_guard=False),
133-}
-- pinned hashes --
f0b463cab014855d72fd238a2b57a073f06cbe16eb65ff9287eb792d5c7f5562  llm_fitting/e2_members_t136.parquet
f78a6ee27434dc0a1ad2501cdc837b69ae86852c09b1b601e2954ce23dc8c298  llm_fitting/e1_reference.json
b00ee41f7d2813e744b1dc9663a9a8df5c6d7c3dc07d24bbbb2cbf7fb8070041  data/ssd/derived/reddit_comments_2018-12_2021-06_weekly.parquet
19ea5eeb846cd775d28e9b8d027a7641b315c57a374f0ed5d37a306f2a6e2323  data/ssd/derived/reddit_comments_2018-12_2021-06_daily.parquet
== STEP 0 RESULT: see above ==
