
========================================================================
FACEBOOK_A  | periods=86 mean_N=13454 entities=14,000 top_k=35 universe=top-3500 (buffer B=14000) temper pool>=8 md6 t-tails vr-mom-long stat-factor two-scale mix-b NNLS eul-level
========================================================================
  mix heterogeneity: b = 1.02 (s(h*)/s(1) horizon moment); permanent spread = b*s = 0.91
  two-scale: phi2 = 0.85..0.70  sigma_trans2 = 0.151..0.000 (top..tail; medium timescale, D(h)-identified)
  stationary common factor: rho_L = 0.48 (measured from the detrended cumulative-F path; legacy = integrated)
  temperament: s = 0.890 (sigma_i spread p90/p10 = 3.13x)
  MD partition: kappa(z) = 0.005..0.005 (top..tail, estimated -- hand-set kappa retired)
  transitory tails: t_df = 4.3

  RANK DYNAMICS (goal 1)
    metric          emp      sim     diff
    VR2           0.638    0.637   -0.001
    VR4           0.367    0.381   +0.014
    VR8           0.217    0.224   +0.007
    VR13          0.145    0.148   +0.003
    ACF1         -0.359   -0.363   -0.004
    ACF2         -0.074   -0.059   +0.015
    RACF1         0.547    0.576   +0.030
    RACF4         0.305    0.357   +0.052
    RACF13        0.092    0.136   +0.044
    R2_1          0.791    0.789   -0.003
    R2_4          0.689    0.718   +0.029
    R2_13         0.584    0.638   +0.054

  CHURN @ rank (goal 2)
    metric          emp      sim     diff
    coll1         0.518    0.461   -0.056
    coll2         0.765    0.753   -0.012
    coll5         0.906    0.871   -0.035
    coll10        0.941    0.915   -0.026
    coll20        0.953    0.958   +0.005
    coll50        0.988    0.976   -0.012
    coll100       1.000    0.991   -0.009

  rank displacement
    metric          emp      sim     diff
    dRank1       27.000   25.200   -1.800
    dRank4       38.000   35.200   -2.800
    dRank13      53.000   45.600   -7.400

  top-k persistence
    metric          emp      sim     diff
    Pers1        24.000   25.800   +1.800
    Pers4        19.000   23.600   +4.600
    Pers13       23.000   23.000   +0.000

  boundary flux @ top-3500 (out-rate / 4wk return)
    metric          emp      sim     diff
    outfluxK      0.173    0.109   -0.064
    return4K      0.354    0.399   +0.045

  >>> v4.3-style score: 15/15   |   mean churn error: 0.022
  factor sigma_F=0.146  N=13454   (top..tail by permanent rank)
    phi        =0.200..0.500
    sigma_trans=0.154..0.396
    sigma_perm =0.073..0.141
    sigma_obs  =0.000..0.631
    lambda     =1.00..1.06
