
========================================================================
REDDIT  | periods=30 mean_N=19994 entities=20,000 top_k=50 universe=top-5000 (buffer B=20000) temper pool>=8 md6 t-tails NNLS eul-level
========================================================================
  temperament: s = 0.941 (sigma_i spread p90/p10 = 3.34x)
  MD partition: kappa(z) = 0.005..0.070 (top..tail, estimated -- hand-set kappa retired)
  transitory tails: t_df = 8.9

  RANK DYNAMICS (goal 1)
    metric          emp      sim     diff
    VR2           0.686    0.753   +0.067
    VR4           0.464    0.531   +0.067
    VR8           0.287    0.333   +0.046
    VR13          0.172    0.190   +0.018
    ACF1         -0.313   -0.246   +0.067
    ACF2         -0.041   -0.045   -0.005
    RACF1         0.586    0.660   +0.074
    RACF4         0.220    0.248   +0.028
    RACF13       -0.020   -0.094   -0.075
    R2_1          0.886    0.914   +0.028
    R2_4          0.823    0.833   +0.011
    R2_13         0.550    0.685   +0.135

  CHURN @ rank (goal 2)
    metric          emp      sim     diff
    coll1         0.414    0.338   -0.076
    coll2         0.655    0.662   +0.007
    coll5         0.759    0.800   +0.041
    coll10        0.759    0.800   +0.041
    coll20        1.000    0.910   -0.090
    coll50        1.000    0.979   -0.021
    coll100       1.000    0.979   -0.021

  rank displacement
    metric          emp      sim     diff
    dRank1       13.000   13.200   +0.200
    dRank4       21.000   22.200   +1.200
    dRank13      34.000   32.800   -1.200

  top-k persistence
    metric          emp      sim     diff
    Pers1        43.000   45.600   +2.600
    Pers4        37.000   43.200   +6.200
    Pers13       35.000   39.400   +4.400

  boundary flux @ top-5000 (out-rate / 4wk return)
    metric          emp      sim     diff
    outfluxK      0.095    0.108   +0.013
    return4K      0.369    0.352   -0.016

  >>> v4.3-style score: 14/15   |   mean churn error: 0.042
  factor sigma_F=0.038  N=19994   (top..tail by permanent rank)
    phi        =0.600..0.250
    sigma_trans=0.146..0.131
    sigma_perm =0.050..0.100
    sigma_obs  =0.033..0.198
    lambda     =1.08..0.38
