
========================================================================
FACEBOOK_A — OOS movement gate (rolling-origin, distributional)
========================================================================
  T=86  test_len=21  train-end origins=[21, 32, 43, 54, 65]  universe=top-3500 (B=4x, train-only membership) temper pool>=8 md6 t-tails spec-B NNLS COND:state
  day guard: 59 flagged days -> dropped 33 of 176 member-weeks from daily estimation

  per split:  scale | model relErr | persist relErr | wass(dR1) | dR1 model-in-CI?
    T0= 21  1.00  |  0.119      |  0.136        |   20.1   | False  s=0.98
    T0= 32  1.00  |  0.127      |  0.183        |   38.7   | False  s=0.97
    T0= 43  1.00  |  0.096      |  0.093        |   14.0   | True  s=0.95
    T0= 54  0.70  |  0.149      |  0.145        |    7.2   | True  s=0.94
    T0= 65  1.00  |  0.061      |  0.169        |   13.3   | True  s=0.92

  sigma_obs_scale stability: [1.0, 1.0, 1.0, 0.7, 1.0]  median=1.00 range=0.70-1.00
  MODEL rel err = 0.110 ± 0.030   |   persistence = 0.145 ± 0.031
  bootstrap-CI coverage (model dR1 median inside held-out 95% CI): 60% of splits

  held-out displacement DISTRIBUTION (last split T0=65): emp median/p90 vs model median/p90
    dRank1: emp   14/  68   model   13/  63
    dRank4: emp   20/ 122   model   20/ 107
    dRank13: emp   26/ 203   model   30/ 186

  distributional scores (--dist-scores; pooled predictive, declared):
    per split @ dRank1:  CRPSmod | CRPSpers | skill | W1(model) W1(pers) | pred cov@10/50/90 (nominal .10/.50/.90)
    T0= 21    47.18 |   47.26  | +0.00 |    20.1     30.5  | 0.09/0.47/0.87
    T0= 32    60.83 |   60.84  | +0.00 |    38.7     39.4  | 0.10/0.47/0.88
    T0= 43    40.66 |   40.73  | +0.00 |    14.0     20.4  | 0.17/0.51/0.88
    T0= 54    25.64 |   25.64  | +0.00 |     7.2      6.8  | 0.11/0.50/0.90
    T0= 65    34.10 |   34.20  | +0.00 |    13.3     13.3  | 0.16/0.49/0.89
    CRPS skill vs persistence @ dRank1: +0.001 ± 0.001  (>0 = model beats persistence; n=5 splits)
    CRPS skill vs persistence @ dRank4: -0.003 ± 0.002  (>0 = model beats persistence; n=5 splits)
    CRPS skill vs persistence @ dRank13: -0.008 ± 0.004  (>0 = model beats persistence; n=5 splits)
    per-horizon model-median-in-CI (descriptive; registered criterion = h=1 only):
      T0= 21  h=1:OUT  h=4:OUT  h=13:OUT  week-block CI(h=1) [13.0, 15.0] OUT
      T0= 32  h=1:OUT  h=4:OUT  h=13:OUT  week-block CI(h=1) [12.0, 15.0] in
      T0= 43  h=1:in  h=4:in  h=13:in  week-block CI(h=1) [12.0, 14.0] in
      T0= 54  h=1:in  h=4:in  h=13:in  week-block CI(h=1) [12.0, 14.0] in
      T0= 65  h=1:in  h=4:in  h=13:in  week-block CI(h=1) [13.0, 15.0] in
